{
    "CP_Model": {
        "Times: ": [
            0,
            310.84,
            600
        ],
        "Solution Costs: ": [
            null,
            509.4
        ],
        "Optimality: ": false,
        "Best Cost: ": 509.4,
        "Best Path: ": [
            [
                219,
                218,
                330,
                22,
                56,
                124,
                225,
                217,
                73,
                36,
                66,
                95
            ],
            [
                399,
                379,
                142,
                59,
                222,
                410,
                337,
                74,
                308,
                409,
                129,
                279
            ],
            [
                226,
                314,
                224,
                261,
                55,
                335,
                271,
                166,
                77,
                370,
                366,
                376
            ],
            [
                23,
                418,
                70,
                153,
                69,
                281,
                176,
                130,
                144
            ],
            [
                72,
                184,
                342,
                338,
                137,
                206,
                131,
                168,
                402,
                227
            ],
            [
                324,
                154,
                309,
                397,
                415,
                202,
                229,
                329,
                132,
                277,
                76,
                221
            ],
            [
                299,
                380,
                238,
                239,
                78,
                287,
                24,
                104,
                136,
                331,
                231,
                247
            ],
            [
                39,
                233,
                143,
                369,
                140,
                79,
                391,
                92,
                228,
                253,
                398,
                240,
                419
            ],
            [
                1,
                300,
                25,
                276,
                80,
                88,
                242,
                297,
                311,
                148,
                354
            ],
            [
                150,
                411,
                2,
                175,
                243,
                83,
                141,
                27,
                65
            ],
            [
                29,
                194,
                84,
                244,
                246,
                152,
                213,
                3,
                37
            ],
            [
                4,
                146,
                248,
                155,
                189,
                85,
                334,
                32,
                290
            ],
            [
                251,
                332,
                33,
                82,
                156,
                259,
                5,
                212,
                87,
                389
            ],
            [
                35,
                307,
                89,
                283,
                94,
                91,
                353,
                6,
                127
            ],
            [
                318,
                367,
                254,
                325,
                93,
                103,
                157,
                321,
                81,
                147,
                41,
                71
            ],
            [
                159,
                278,
                322,
                344,
                96,
                158,
                255,
                349,
                252,
                99,
                326,
                42,
                310,
                347
            ],
            [
                8,
                125,
                97,
                234,
                160,
                319,
                162,
                220,
                43,
                112
            ],
            [
                163,
                363,
                164,
                230,
                172,
                31,
                126,
                249,
                169,
                38
            ],
            [
                139,
                28,
                44,
                57,
                341,
                384,
                98,
                328,
                327,
                258,
                267,
                343,
                393,
                165,
                195
            ],
            [
                371,
                149,
                170,
                232,
                406,
                303,
                180,
                128,
                171,
                257
            ],
            [
                282,
                250,
                67,
                317,
                13,
                75,
                183,
                395,
                414,
                405
            ],
            [
                305,
                214,
                138,
                293,
                263,
                336,
                200,
                179,
                260,
                368,
                262,
                173,
                396
            ],
            [
                9,
                111,
                178,
                292,
                101,
                122,
                45,
                161,
                174,
                241
            ],
            [
                355,
                400,
                46,
                280,
                181,
                203,
                14,
                273,
                348,
                265,
                351,
                102,
                352
            ],
            [
                26,
                120,
                182,
                199,
                359,
                374,
                266,
                382,
                377,
                105,
                313,
                356,
                86,
                30
            ],
            [
                106,
                286,
                185,
                237,
                47,
                63,
                177,
                7,
                193,
                408
            ],
            [
                198,
                48,
                358,
                10,
                256,
                186,
                365,
                107,
                417
            ],
            [
                11,
                90,
                268,
                312,
                109,
                134,
                187,
                323,
                49,
                108
            ],
            [
                270,
                340,
                272,
                420,
                110,
                381,
                12,
                285,
                188,
                375,
                50,
                135
            ],
            [
                15,
                357,
                275,
                364,
                274,
                51,
                151,
                113,
                207,
                190,
                385
            ],
            [
                114,
                197,
                387,
                361,
                284,
                390,
                191,
                378,
                16,
                209,
                52,
                210
            ],
            [
                288,
                53,
                320,
                115,
                236,
                17,
                416,
                192,
                362,
                289,
                346
            ],
            [
                116,
                345,
                58,
                223,
                294,
                54,
                264,
                315,
                291,
                333,
                196,
                302
            ],
            [
                407,
                412,
                295,
                339,
                413,
                386,
                350,
                392,
                117,
                167,
                383,
                403,
                201,
                401
            ],
            [
                298,
                204,
                388,
                118,
                372,
                60,
                235,
                18,
                100,
                296,
                304
            ],
            [
                119,
                215,
                61,
                205,
                301,
                211,
                394,
                19,
                34,
                316
            ],
            [
                62,
                269,
                121,
                208,
                216,
                404,
                306,
                373,
                20,
                40
            ],
            [
                21,
                68,
                64,
                245,
                123,
                360,
                133,
                145
            ]
        ]
    },
    "DIDP_Complete": {
        "Times: ": [
            0,
            600
        ],
        "Solution Costs: ": null,
        "Optimality: ": false,
        "Best Cost: ": null,
        "Best Path: ": null
    },
    "DIDP_No_Bound": {
        "Times: ": [
            0,
            600
        ],
        "Solution Costs: ": null,
        "Optimality: ": false,
        "Best Cost: ": null,
        "Best Path: ": null
    },
    "DIDP_No_Implied": {
        "Times: ": [
            0,
            600
        ],
        "Solution Costs: ": null,
        "Optimality: ": false,
        "Best Cost: ": null,
        "Best Path: ": null
    },
    "DIDP_Base": {
        "Times: ": [
            0,
            600
        ],
        "Solution Costs: ": null,
        "Optimality: ": false,
        "Best Cost: ": null,
        "Best Path: ": null
    },
    "DIDP_No_Implied_Opt": {
        "Times: ": [
            0,
            600
        ],
        "Solution Costs: ": null,
        "Optimality: ": false,
        "Best Cost: ": null,
        "Best Path: ": null
    },
    "DIDP_Base_Opt": {
        "Times: ": [
            0,
            600
        ],
        "Solution Costs: ": null,
        "Optimality: ": false,
        "Best Cost: ": null,
        "Best Path: ": null
    },
    "CP_Model_No_Imp": {
        "Times: ": [
            0,
            600
        ],
        "Solution Costs: ": null,
        "Optimality: ": false,
        "Best Cost: ": null,
        "Best Path: ": null
    }
}