{
    "CP_Model": {
        "Times: ": [
            0,
            66.76,
            88.98,
            99.63,
            111.94,
            122.82,
            133.95,
            144.49,
            156.1,
            167.53,
            178.44,
            190.41,
            205.48,
            217.92,
            229.02,
            240.39,
            250.7,
            262.21,
            272.62,
            283.11,
            293.65,
            303.86,
            314.8,
            325.01,
            335.43,
            347.7,
            359.73,
            371.23,
            381.38,
            392.6,
            403.81,
            414.36,
            424.66,
            434.25,
            444.95,
            455.34,
            464.72,
            475.46,
            485.52,
            494.87,
            505.97,
            517.73,
            527.49,
            537.29,
            548.06,
            559.99,
            569.97,
            579.45,
            589.98,
            601.74,
            601.74
        ],
        "Solution Costs: ": [
            null,
            275.2,
            262.8,
            261.5,
            259.0,
            257.8,
            249.6,
            243.7,
            240.0,
            237.0,
            235.7,
            235.0,
            234.1,
            233.0,
            232.9,
            231.4,
            230.7,
            229.0,
            228.2,
            223.7,
            220.2,
            220.1,
            218.3,
            217.9,
            217.0,
            216.3,
            215.9,
            215.8,
            215.1,
            214.8,
            213.4,
            212.9,
            212.0,
            211.0,
            208.7,
            207.7,
            207.4,
            206.7,
            206.4,
            204.8,
            204.1,
            204.0,
            202.7,
            202.4,
            201.7,
            201.6,
            201.5,
            201.5,
            201.4,
            200.0
        ],
        "Optimality: ": false,
        "Best Cost: ": 200.0,
        "Best Path: ": [
            [
                60,
                73,
                228,
                4,
                27,
                251,
                279,
                28,
                249
            ],
            [
                29,
                195,
                130,
                293,
                197,
                92,
                61,
                220,
                163,
                256
            ],
            [
                65,
                237,
                221,
                235,
                142,
                276,
                272,
                146,
                128,
                270,
                111,
                157
            ],
            [
                153,
                62,
                120,
                292,
                148,
                86,
                110,
                136,
                8,
                152,
                278,
                44
            ],
            [
                179,
                10,
                181,
                30,
                102,
                202,
                79,
                66,
                271
            ],
            [
                225,
                219,
                68,
                9,
                31,
                154,
                236,
                118,
                156,
                277,
                283,
                77
            ],
            [
                93,
                170,
                69,
                159,
                165,
                158,
                89,
                32,
                266,
                80,
                173,
                123,
                107
            ],
            [
                139,
                187,
                248,
                284,
                227,
                48,
                160,
                230,
                98,
                200,
                238
            ],
            [
                35,
                124,
                70,
                75,
                178,
                180,
                81,
                115,
                6,
                83
            ],
            [
                298,
                88,
                71,
                67,
                63,
                36,
                280,
                141,
                100
            ],
            [
                104,
                37,
                11,
                20,
                116,
                166,
                74,
                260,
                72,
                85,
                168,
                169
            ],
            [
                286,
                45,
                281,
                250,
                290,
                171,
                38,
                289,
                133,
                26,
                204,
                206,
                84,
                96
            ],
            [
                291,
                282,
                12,
                192,
                177,
                164,
                39,
                217,
                145,
                193,
                87,
                205
            ],
            [
                40,
                184,
                182,
                216,
                114,
                214,
                143,
                95,
                198,
                265,
                135,
                151
            ],
            [
                246,
                299,
                167,
                149,
                56,
                199,
                13,
                97,
                41,
                287,
                185
            ],
            [
                212,
                99,
                218,
                232,
                224,
                188,
                14,
                209,
                42,
                186,
                91,
                275
            ],
            [
                210,
                105,
                252,
                94,
                43,
                5,
                50,
                15,
                101,
                189
            ],
            [
                109,
                16,
                208,
                247,
                138,
                46,
                131,
                103,
                108,
                21,
                112
            ],
            [
                47,
                203,
                194,
                190,
                7,
                134,
                259,
                226,
                106,
                122
            ],
            [
                49,
                191,
                2,
                17,
                113,
                273,
                172,
                132,
                76,
                211
            ],
            [
                144,
                264,
                234,
                261,
                240,
                223,
                117,
                51,
                269,
                268,
                183,
                90,
                18
            ],
            [
                254,
                119,
                201,
                207,
                239,
                150,
                176,
                52,
                231,
                243,
                19
            ],
            [
                22,
                285,
                1,
                64,
                53,
                147,
                125,
                222,
                137,
                174
            ],
            [
                255,
                33,
                241,
                213,
                121,
                23,
                54,
                34,
                262,
                3,
                233
            ],
            [
                296,
                257,
                263,
                196,
                82,
                229,
                126,
                58,
                24,
                57,
                242
            ],
            [
                175,
                155,
                274,
                162,
                295,
                300,
                59,
                244,
                25,
                215,
                127
            ],
            [
                55,
                294,
                267,
                161,
                129,
                140,
                253,
                288,
                297,
                245,
                258,
                78
            ]
        ]
    },
    "DIDP_Complete": {
        "Times: ": [
            0,
            600
        ],
        "Solution Costs: ": null,
        "Optimality: ": false,
        "Best Cost: ": null,
        "Best Path: ": null
    },
    "DIDP_No_Bound": {
        "Times: ": [
            0,
            600
        ],
        "Solution Costs: ": null,
        "Optimality: ": false,
        "Best Cost: ": null,
        "Best Path: ": null
    },
    "DIDP_No_Implied": {
        "Times: ": [
            0,
            600
        ],
        "Solution Costs: ": null,
        "Optimality: ": false,
        "Best Cost: ": null,
        "Best Path: ": null
    },
    "DIDP_Base": {
        "Times: ": [
            0,
            600
        ],
        "Solution Costs: ": null,
        "Optimality: ": false,
        "Best Cost: ": null,
        "Best Path: ": null
    }
}