{
    "CP_Model": {
        "Times: ": [
            0,
            303.95,
            404.98,
            444.72,
            484.54,
            524.99,
            569.66,
            610.21,
            610.21
        ],
        "Solution Costs: ": [
            null,
            371.1,
            362.5,
            332.1,
            329.7,
            320.9,
            319.1,
            318.3
        ],
        "Optimality: ": false,
        "Best Cost: ": 318.3,
        "Best Path: ": [
            [
                78,
                360,
                10,
                256,
                130,
                129,
                28,
                80,
                140,
                346
            ],
            [
                319,
                278,
                296,
                209,
                139,
                132,
                254,
                30,
                219,
                282,
                82,
                79,
                337
            ],
            [
                352,
                192,
                149,
                146,
                158,
                33,
                122,
                148,
                258,
                218,
                108,
                83,
                120
            ],
            [
                310,
                270,
                45,
                348,
                357,
                32,
                251,
                333,
                195,
                240,
                20,
                329
            ],
            [
                300,
                111,
                324,
                34,
                298,
                136,
                211,
                84,
                221,
                51,
                260,
                279,
                291
            ],
            [
                75,
                71,
                249,
                67,
                123,
                350,
                14,
                266
            ],
            [
                63,
                133,
                13,
                126,
                153,
                39,
                183,
                306
            ],
            [
                287,
                81,
                328,
                194,
                246,
                289,
                197,
                285,
                187,
                340,
                40,
                86
            ],
            [
                334,
                338,
                47,
                339,
                205,
                29,
                317,
                354,
                87,
                286,
                332,
                36,
                323,
                151
            ],
            [
                48,
                331,
                21,
                37,
                293,
                152,
                181,
                154,
                89,
                325,
                189,
                156
            ],
            [
                155,
                292,
                90,
                335,
                222,
                160,
                313,
                38,
                180,
                106,
                1,
                316
            ],
            [
                68,
                74,
                159,
                94,
                161,
                261,
                163,
                264,
                162,
                224,
                186,
                112
            ],
            [
                172,
                11,
                134,
                91,
                150,
                41,
                95,
                245,
                144,
                168,
                232
            ],
            [
                175,
                167,
                271,
                125,
                170,
                190,
                276,
                109,
                257,
                179,
                176,
                165
            ],
            [
                231,
                60,
                115,
                5,
                349,
                55,
                182,
                227,
                193,
                347,
                31,
                138,
                198
            ],
            [
                131,
                18,
                230,
                42,
                185,
                330,
                301,
                59,
                93,
                265
            ],
            [
                274,
                96,
                173,
                196,
                294,
                201,
                19,
                200,
                214,
                2,
                116,
                43,
                99
            ],
            [
                321,
                207,
                92,
                309,
                46,
                15,
                65,
                202,
                3
            ],
            [
                135,
                259,
                263,
                217,
                9,
                267,
                345,
                16,
                303,
                85,
                17
            ],
            [
                305,
                288,
                199,
                208,
                273,
                49,
                342,
                98,
                314,
                243,
                56
            ],
            [
                297,
                281,
                88,
                50,
                351,
                302,
                100,
                272,
                295,
                210,
                204,
                318
            ],
            [
                229,
                226,
                299,
                101,
                212,
                124,
                315,
                52,
                57,
                220,
                242
            ],
            [
                236,
                355,
                228,
                53,
                344,
                147,
                12,
                102,
                312,
                237
            ],
            [
                191,
                157,
                322,
                244,
                233,
                307,
                174,
                206,
                104,
                239
            ],
            [
                255,
                241,
                213,
                247,
                54,
                308,
                22,
                216,
                110,
                336
            ],
            [
                4,
                97,
                262,
                113,
                203,
                169,
                58,
                248,
                284,
                23,
                128
            ],
            [
                358,
                320,
                107,
                283,
                341,
                311,
                353,
                343,
                356,
                327
            ],
            [
                250,
                62,
                275,
                24,
                105,
                114,
                142,
                6,
                269
            ],
            [
                64,
                234,
                117,
                223,
                137,
                25,
                215,
                7,
                188
            ],
            [
                141,
                268,
                66,
                26,
                69,
                290,
                8,
                235,
                119,
                177
            ],
            [
                184,
                35,
                145,
                143,
                27,
                44,
                70,
                238,
                121
            ],
            [
                73,
                171,
                164,
                359,
                118,
                304,
                77,
                61,
                72
            ],
            [
                252,
                280,
                225,
                326,
                76,
                103,
                253,
                178,
                277,
                127,
                166
            ]
        ]
    },
    "DIDP_Complete": {
        "Times: ": [
            0,
            18.4367638,
            5.0156214,
            13.3819476,
            14.0981329,
            14.1549515,
            14.2297202,
            14.246523,
            581.5634486,
            600
        ],
        "Solution Costs: ": [
            null,
            167.6,
            166.0,
            165.4,
            132.9,
            126.0,
            125.7,
            116.0,
            116.0
        ],
        "Optimality: ": false,
        "Best Cost: ": 116.0,
        "Best Path: ": [
            [
                1,
                2,
                3,
                4,
                5
            ],
            [
                6,
                7,
                8,
                9,
                10
            ],
            [
                11,
                12,
                13,
                14,
                15,
                16,
                17,
                18,
                19,
                20,
                21,
                22
            ],
            [
                23,
                24,
                25,
                26,
                27,
                28,
                29,
                30,
                31,
                32,
                33,
                34,
                35,
                36,
                37,
                38
            ],
            [
                39,
                40,
                41,
                42,
                43,
                44,
                45,
                46,
                47,
                48,
                49,
                50,
                51,
                52,
                53,
                54
            ],
            [
                55,
                56,
                57,
                58,
                59,
                60,
                61,
                62,
                63
            ],
            [
                64,
                65,
                66,
                67,
                68
            ],
            [
                69,
                70,
                71,
                72,
                75,
                76,
                120
            ],
            [
                73,
                74,
                77,
                78,
                79,
                80,
                81,
                82,
                83,
                84,
                85,
                140,
                259,
                318,
                319,
                320
            ],
            [
                86,
                87,
                88,
                89,
                90,
                91,
                92,
                93,
                94,
                95,
                96,
                97,
                98,
                280,
                339,
                284
            ],
            [
                99,
                101,
                100,
                103,
                104,
                105,
                106,
                111,
                112,
                285,
                291,
                296,
                300,
                360
            ],
            [
                107,
                108,
                109,
                110,
                113,
                114,
                115,
                116,
                117,
                118,
                121,
                135,
                174,
                293,
                358
            ],
            [
                119,
                122,
                123,
                124,
                125,
                150,
                277
            ],
            [
                126,
                127,
                128,
                133,
                256,
                257,
                252
            ],
            [
                129,
                130,
                131,
                165,
                167,
                158,
                286,
                355,
                359
            ],
            [
                132,
                134,
                136,
                138,
                139,
                144,
                145,
                254,
                263,
                314,
                323,
                264,
                265
            ],
            [
                137,
                141,
                142,
                143,
                147,
                148,
                151,
                332,
                333,
                308
            ],
            [
                102,
                146,
                149,
                152,
                153,
                154,
                155,
                156,
                159,
                210,
                270,
                342,
                343,
                310
            ],
            [
                157,
                160,
                161,
                162,
                163,
                164,
                166,
                168,
                169,
                278,
                288,
                289,
                348,
                349,
                344
            ],
            [
                171,
                172,
                173,
                175,
                176,
                177,
                178,
                179,
                180,
                181,
                195,
                196,
                255
            ],
            [
                182,
                183,
                184,
                185,
                186
            ],
            [
                187,
                188,
                193,
                294,
                354,
                315,
                316,
                317,
                312
            ],
            [
                189,
                190,
                191,
                297,
                356,
                357,
                311
            ],
            [
                170,
                192,
                194,
                198,
                253,
                258,
                313,
                301,
                260,
                247,
                325
            ],
            [
                197,
                199,
                200,
                201,
                202,
                206,
                261,
                266,
                321,
                302,
                324,
                307
            ],
            [
                203,
                204,
                205,
                207,
                208,
                209,
                211,
                212,
                213,
                267,
                326,
                327,
                268,
                273,
                328
            ],
            [
                214,
                215,
                216,
                217,
                218,
                219,
                220,
                221,
                279,
                330,
                304,
                337,
                282,
                283
            ],
            [
                222,
                223,
                224,
                225,
                226,
                227,
                228,
                229,
                287,
                338,
                305,
                345,
                290,
                350,
                347
            ],
            [
                230,
                231,
                232,
                233,
                234,
                235,
                236,
                237,
                295,
                346,
                306,
                353,
                298,
                299
            ],
            [
                238,
                239,
                240,
                241,
                242,
                243,
                262,
                272,
                331
            ],
            [
                244,
                245,
                246,
                251,
                292,
                351,
                352
            ],
            [
                248,
                249,
                275,
                276,
                281,
                340,
                341,
                309
            ],
            [
                250,
                269,
                271,
                322,
                303,
                329,
                274,
                334,
                335,
                336
            ]
        ]
    },
    "DIDP_No_Bound": {
        "Times: ": [
            0,
            600
        ],
        "Solution Costs: ": null,
        "Optimality: ": false,
        "Best Cost: ": null,
        "Best Path: ": null
    },
    "DIDP_No_Implied": {
        "Times: ": [
            0,
            18.1692837,
            4.4311069,
            10.0879899,
            10.160208,
            10.5006166,
            10.5706189,
            11.4021875,
            11.4076819,
            11.607164000000001,
            11.6337339,
            19.5636429,
            19.6190987,
            20.3754597,
            32.3329699,
            69.3552461,
            581.8449233,
            600
        ],
        "Solution Costs: ": [
            null,
            167.6,
            166.0,
            165.4,
            138.9,
            132.9,
            132.6,
            130.2,
            130.0,
            127.3,
            127.0,
            122.3,
            122.2,
            116.7,
            116.4,
            116.0,
            116.0
        ],
        "Optimality: ": false,
        "Best Cost: ": 116.0,
        "Best Path: ": [
            [
                1,
                2,
                3,
                4,
                5
            ],
            [
                6,
                7,
                8,
                9,
                10
            ],
            [
                11,
                12,
                13,
                14,
                15,
                16,
                17,
                18,
                19,
                20,
                21,
                22
            ],
            [
                23,
                24,
                25,
                26,
                27,
                28,
                29,
                30,
                31,
                32,
                33,
                34,
                35,
                36,
                37,
                38
            ],
            [
                39,
                40,
                41,
                42,
                43,
                44,
                45,
                46,
                47,
                48,
                49,
                50,
                51,
                52,
                53,
                54
            ],
            [
                55,
                56,
                57,
                58,
                59,
                60,
                61,
                62,
                63
            ],
            [
                64,
                65,
                66,
                67,
                68
            ],
            [
                69,
                70,
                71,
                72,
                75,
                76,
                120
            ],
            [
                73,
                74,
                77,
                78,
                79,
                80,
                81,
                82,
                83,
                84,
                85,
                140,
                259,
                318,
                260,
                320,
                325
            ],
            [
                86,
                87,
                88,
                89,
                90,
                91,
                92,
                93,
                94,
                95,
                96,
                97,
                98,
                280,
                339,
                284
            ],
            [
                99,
                101,
                100,
                103,
                104,
                105,
                106,
                111,
                112,
                285,
                291,
                296,
                360,
                317
            ],
            [
                107,
                108,
                109,
                110,
                113,
                114,
                115,
                116,
                117,
                118,
                121,
                135,
                174,
                293,
                358
            ],
            [
                119,
                122,
                123,
                124,
                125,
                150,
                277
            ],
            [
                126,
                127,
                128,
                133,
                256,
                257,
                252
            ],
            [
                129,
                130,
                131,
                165,
                167,
                158,
                286,
                355,
                359,
                300
            ],
            [
                132,
                134,
                136,
                138,
                139,
                144,
                145,
                254,
                263,
                314,
                323,
                264,
                265
            ],
            [
                137,
                141,
                142,
                143,
                147,
                148,
                151,
                332,
                308,
                333
            ],
            [
                102,
                146,
                149,
                152,
                153,
                154,
                155,
                156,
                159,
                210,
                270,
                342,
                343,
                310
            ],
            [
                157,
                160,
                161,
                162,
                163,
                164,
                166,
                168,
                169,
                278,
                288,
                289,
                348,
                344,
                349
            ],
            [
                171,
                172,
                173,
                175,
                176,
                177,
                178,
                179,
                180,
                181,
                195,
                196,
                255
            ],
            [
                182,
                183,
                184,
                185,
                186
            ],
            [
                187,
                188,
                193,
                294,
                354,
                315,
                319,
                247
            ],
            [
                189,
                190,
                191,
                297,
                356,
                357,
                311
            ],
            [
                170,
                192,
                194,
                198,
                253,
                258,
                313,
                301,
                316,
                312
            ],
            [
                197,
                199,
                200,
                201,
                202,
                206,
                261,
                266,
                321,
                302,
                324,
                307
            ],
            [
                203,
                204,
                205,
                207,
                208,
                209,
                211,
                212,
                213,
                267,
                326,
                327,
                268,
                273,
                328
            ],
            [
                214,
                215,
                216,
                217,
                218,
                219,
                220,
                221,
                279,
                330,
                304,
                337,
                282,
                283
            ],
            [
                222,
                223,
                224,
                225,
                226,
                227,
                228,
                229,
                287,
                338,
                305,
                345,
                290,
                350,
                347
            ],
            [
                230,
                231,
                232,
                233,
                234,
                235,
                236,
                237,
                295,
                346,
                306,
                353,
                298,
                299
            ],
            [
                238,
                239,
                240,
                241,
                242,
                243,
                262,
                272,
                331
            ],
            [
                244,
                245,
                246,
                251,
                292,
                351,
                352
            ],
            [
                248,
                249,
                275,
                276,
                281,
                340,
                341,
                309
            ],
            [
                250,
                269,
                271,
                322,
                303,
                329,
                274,
                334,
                335,
                336
            ]
        ]
    },
    "DIDP_Base": {
        "Times: ": [
            0,
            600
        ],
        "Solution Costs: ": null,
        "Optimality: ": false,
        "Best Cost: ": null,
        "Best Path: ": null
    },
    "DIDP_No_Implied_Opt": {
        "Times: ": [
            0,
            18.1295805,
            4.6478094,
            8.2920359,
            8.6436191,
            9.1667694,
            9.1727269,
            9.2021858,
            24.4186293,
            92.0808559,
            581.8900395,
            600
        ],
        "Solution Costs: ": [
            null,
            167.6,
            166.0,
            165.4,
            160.7,
            132.9,
            126.0,
            119.4,
            116.0,
            115.9,
            115.9
        ],
        "Optimality: ": false,
        "Best Cost: ": 115.9,
        "Best Path: ": [
            [
                1,
                2,
                3,
                4,
                5
            ],
            [
                6,
                7,
                8,
                9,
                10
            ],
            [
                11,
                12,
                13,
                14,
                15,
                16,
                17,
                18,
                19,
                20,
                21,
                22
            ],
            [
                23,
                24,
                25,
                26,
                27,
                28,
                29,
                30,
                31,
                32,
                33,
                34,
                35,
                36,
                37,
                38
            ],
            [
                39,
                40,
                41,
                42,
                43,
                44,
                45,
                46,
                47,
                48,
                49,
                50,
                51,
                52,
                53,
                54
            ],
            [
                55,
                56,
                57,
                58,
                59,
                60,
                61,
                62,
                63
            ],
            [
                64,
                65,
                66,
                67,
                68
            ],
            [
                69,
                70,
                71,
                72,
                75,
                76,
                120
            ],
            [
                73,
                74,
                77,
                78,
                79,
                80,
                81,
                82,
                83,
                84,
                85,
                140,
                259,
                318,
                319,
                320
            ],
            [
                87,
                88,
                89,
                90,
                91,
                92,
                93,
                94,
                95,
                96,
                97,
                99,
                101,
                280,
                339,
                284
            ],
            [
                86,
                98,
                100,
                103,
                104,
                105,
                106,
                111,
                112,
                285,
                290,
                291,
                296
            ],
            [
                107,
                108,
                109,
                110,
                113,
                114,
                115,
                116,
                117,
                118,
                121,
                135,
                174,
                293,
                358
            ],
            [
                119,
                122,
                123,
                124,
                125,
                150,
                270
            ],
            [
                126,
                127,
                128,
                133,
                256,
                257,
                252
            ],
            [
                129,
                130,
                131,
                165,
                167,
                158,
                286,
                355,
                359,
                300
            ],
            [
                132,
                134,
                136,
                138,
                139,
                144,
                145,
                263,
                314,
                254,
                323,
                264,
                265
            ],
            [
                137,
                141,
                142,
                143,
                147,
                148,
                151,
                332,
                333,
                308
            ],
            [
                102,
                146,
                149,
                152,
                153,
                154,
                155,
                156,
                159,
                210,
                277,
                342,
                343,
                310
            ],
            [
                157,
                160,
                161,
                162,
                163,
                164,
                166,
                168,
                169,
                278,
                288,
                289,
                348,
                349,
                344
            ],
            [
                171,
                172,
                173,
                175,
                176,
                177,
                178,
                179,
                180,
                181,
                195,
                196,
                255
            ],
            [
                182,
                183,
                184,
                185,
                186
            ],
            [
                187,
                188,
                193,
                294,
                354,
                315,
                316,
                317,
                312,
                360
            ],
            [
                189,
                190,
                191,
                297,
                356,
                357,
                311
            ],
            [
                170,
                192,
                194,
                198,
                253,
                258,
                313,
                301,
                260,
                247,
                325
            ],
            [
                197,
                199,
                200,
                201,
                202,
                206,
                261,
                266,
                321,
                302,
                324,
                307
            ],
            [
                203,
                204,
                205,
                207,
                208,
                209,
                211,
                212,
                213,
                267,
                326,
                327,
                268,
                273,
                328
            ],
            [
                214,
                215,
                216,
                217,
                218,
                219,
                220,
                221,
                279,
                330,
                304,
                337,
                282,
                283
            ],
            [
                222,
                223,
                224,
                225,
                226,
                227,
                228,
                229,
                287,
                338,
                305,
                345,
                350,
                347
            ],
            [
                230,
                231,
                232,
                233,
                234,
                235,
                236,
                237,
                295,
                346,
                306,
                353,
                298,
                299
            ],
            [
                238,
                239,
                240,
                241,
                242,
                243,
                262,
                272,
                331
            ],
            [
                244,
                245,
                246,
                251,
                292,
                351,
                352
            ],
            [
                248,
                249,
                275,
                276,
                281,
                340,
                341,
                309
            ],
            [
                250,
                269,
                271,
                322,
                303,
                329,
                274,
                334,
                335,
                336
            ]
        ]
    },
    "DIDP_Base_Opt": {
        "Times: ": [
            0,
            600
        ],
        "Solution Costs: ": null,
        "Optimality: ": false,
        "Best Cost: ": null,
        "Best Path: ": null
    }
}